// Vitest Snapshot v1, https://vitest.dev/guide/snapshot.html

exports[`RotatorImage > matches snapshot 1`] = `
.c1 {
  object-fit: contain;
  width: 100%;
  height: 200px;
}

.c0 {
  display: flex;
  align-items: center;
}

<figure
  class="c0"
>
  <img
    class="c1"
  />
  <figcaption
    data-testid="figcaption"
  >
     by 
    <strong />
  </figcaption>
</figure>
`;
